// Jest Snapshot v1, https://goo.gl/fbAQLP

exports[`Gigs Container matches full snapshot 1`] = `
"<ion-header>
  <ion-navbar>
    <button ion-button=\\"\\" menutoggle=\\"\\">
      <ion-icon name=\\"icon\\"></ion-icon>
    </button>
    <ion-title>Listaca de conciertos</ion-title>
  </ion-navbar>
</ion-header>

<ion-content>
  <ion-searchbar showcancelbutton=\\"false\\">
  </ion-searchbar>
  <loadspinner></loadspinner>
  <ion-list>
    <div>
      <ion-item-divider>
        Lunes, 18 de Septiembre
      </ion-item-divider>
      <button ion-item=\\"\\">
        Anarchy in the JS - SCBCN
      </button><button ion-item=\\"\\">
        Vegan Microservices - Around the world
      </button>
    </div>
  </ion-list>
</ion-content>"
`;
